[Sat Apr  4 08:24:39 2026] PHP 8.3.6 Development Server (http://localhost:8000) started
[Sat Apr  4 08:24:44 2026] [::1]:58420 Accepted
[Sat Apr  4 08:24:44 2026] [::1]:58420 [200]: GET /
[Sat Apr  4 08:24:44 2026] [::1]:58420 Closing
[Sat Apr  4 08:24:44 2026] [::1]:58430 Accepted
[Sat Apr  4 08:24:44 2026] [::1]:58430 [200]: GET /assets/js/app.js
[Sat Apr  4 08:24:44 2026] [::1]:58430 Closing
[Sat Apr  4 08:25:48 2026] [::1]:56132 Accepted
[Sat Apr  4 08:25:48 2026] [::1]:56132 [200]: GET /
[Sat Apr  4 08:25:48 2026] [::1]:56132 Closing
[Sat Apr  4 08:25:48 2026] [::1]:56136 Accepted
[Sat Apr  4 08:25:48 2026] [::1]:56136 [200]: GET /assets/js/app.js
[Sat Apr  4 08:25:48 2026] [::1]:56136 Closing
[Sat Apr  4 08:26:58 2026] [::1]:35752 Accepted
[Sat Apr  4 08:26:58 2026] [::1]:35752 [200]: GET /
[Sat Apr  4 08:26:58 2026] [::1]:35752 Closing
[Sat Apr  4 08:26:58 2026] [::1]:35756 Accepted
[Sat Apr  4 08:26:58 2026] [::1]:35756 [200]: GET /assets/js/app.js
[Sat Apr  4 08:26:58 2026] [::1]:35756 Closing
[Sat Apr  4 08:27:19 2026] [::1]:35070 Accepted
[Sat Apr  4 08:27:19 2026] [::1]:35070 [200]: GET /api/auth.php?action=check
[Sat Apr  4 08:27:19 2026] [::1]:35070 Closing
[Sat Apr  4 08:28:35 2026] [::1]:56654 Accepted
[Sat Apr  4 08:28:35 2026] [::1]:56654 [200]: GET /
[Sat Apr  4 08:28:35 2026] [::1]:56654 Closing
[Sat Apr  4 08:28:35 2026] [::1]:56658 Accepted
[Sat Apr  4 08:28:35 2026] [::1]:56658 [200]: GET /assets/js/app.js
[Sat Apr  4 08:28:35 2026] [::1]:56658 Closing
[Sat Apr  4 08:29:20 2026] [::1]:40984 Accepted
[Sat Apr  4 08:29:20 2026] [::1]:40984 [200]: GET /
[Sat Apr  4 08:29:20 2026] [::1]:40984 Closing
[Sat Apr  4 08:29:20 2026] [::1]:40994 Accepted
[Sat Apr  4 08:29:20 2026] [::1]:40994 [200]: GET /assets/js/app.js
[Sat Apr  4 08:29:20 2026] [::1]:40994 Closing
[Sat Apr  4 08:32:39 2026] [::1]:40282 Accepted
[Sat Apr  4 08:32:39 2026] [::1]:40282 [200]: GET /
[Sat Apr  4 08:32:39 2026] [::1]:40282 Closing
[Sat Apr  4 08:32:39 2026] [::1]:40296 Accepted
[Sat Apr  4 08:32:39 2026] [::1]:40296 [200]: GET /assets/js/app.js
[Sat Apr  4 08:32:39 2026] [::1]:40296 Closing
[Sat Apr  4 08:32:39 2026] [::1]:40302 Accepted
[Sat Apr  4 08:32:39 2026] [::1]:40302 [200]: GET /api/auth.php?action=check
[Sat Apr  4 08:32:39 2026] [::1]:40302 Closing
[Sat Apr  4 08:32:42 2026] [::1]:40318 Accepted
[Sat Apr  4 08:32:43 2026] [::1]:40318 [200]: POST /api/auth.php?action=login
[Sat Apr  4 08:32:43 2026] [::1]:40318 Closing
[Sat Apr  4 08:33:26 2026] [::1]:45270 Accepted
[Sat Apr  4 08:33:26 2026] [::1]:45270 [200]: GET /
[Sat Apr  4 08:33:26 2026] [::1]:45270 Closing
[Sat Apr  4 08:33:26 2026] [::1]:45284 Accepted
[Sat Apr  4 08:33:26 2026] [::1]:45284 [200]: GET /assets/js/app.js
[Sat Apr  4 08:33:26 2026] [::1]:45284 Closing
[Sat Apr  4 08:33:26 2026] [::1]:45292 Accepted
[Sat Apr  4 08:33:26 2026] [::1]:45292 [200]: GET /api/auth.php?action=check
[Sat Apr  4 08:33:26 2026] [::1]:45292 Closing
[Sat Apr  4 08:33:29 2026] [::1]:45306 Accepted
[Sat Apr  4 08:33:29 2026] [::1]:45306 [200]: POST /api/auth.php?action=login
[Sat Apr  4 08:33:29 2026] [::1]:45306 Closing
[Sat Apr  4 08:33:31 2026] [::1]:45322 Accepted
[Sat Apr  4 08:33:31 2026] [::1]:45322 [200]: POST /api/auth.php?action=login
[Sat Apr  4 08:33:31 2026] [::1]:45322 Closing
[Sat Apr  4 08:33:31 2026] [::1]:45338 Accepted
[Sat Apr  4 08:33:31 2026] [::1]:45338 [200]: GET /api/users.php?action=list
[Sat Apr  4 08:33:31 2026] [::1]:45338 Closing
[Sat Apr  4 08:33:31 2026] [::1]:45348 Accepted
[Sat Apr  4 08:33:31 2026] [::1]:45348 [200]: GET /api/stats.php?action=summary
[Sat Apr  4 08:33:31 2026] [::1]:45348 Closing
[Sat Apr  4 08:33:33 2026] [::1]:45350 Accepted
[Sat Apr  4 08:33:33 2026] [::1]:45350 [200]: GET /api/documents.php?action=list
[Sat Apr  4 08:33:33 2026] [::1]:45350 Closing
[Sat Apr  4 13:48:57 2026] [::1]:35182 Accepted
[Sat Apr  4 13:48:57 2026] [::1]:35182 [200]: GET /
[Sat Apr  4 13:48:57 2026] [::1]:35182 Closing
[Sat Apr  4 13:48:58 2026] [::1]:35198 Accepted
[Sat Apr  4 13:48:58 2026] [::1]:35198 [200]: GET /assets/js/app.js
[Sat Apr  4 13:48:58 2026] [::1]:35198 Closing
[Sat Apr  4 13:48:58 2026] [::1]:35208 Accepted
[Sat Apr  4 13:48:58 2026] [::1]:35208 [200]: GET /api/auth.php?action=check
[Sat Apr  4 13:48:58 2026] [::1]:35208 Closing
[Sat Apr  4 13:48:58 2026] [::1]:35220 Accepted
[Sat Apr  4 13:48:58 2026] [::1]:35220 [200]: GET /sw.js
[Sat Apr  4 13:48:58 2026] [::1]:35220 Closing
[Sat Apr  4 13:48:58 2026] [::1]:35222 Accepted
[Sat Apr  4 13:48:58 2026] [::1]:35234 Accepted
[Sat Apr  4 13:48:58 2026] [::1]:35250 Accepted
[Sat Apr  4 13:48:58 2026] [::1]:35222 [200]: GET /
[Sat Apr  4 13:48:58 2026] [::1]:35222 Closing
[Sat Apr  4 13:48:58 2026] [::1]:35234 [200]: GET /index.php
[Sat Apr  4 13:48:58 2026] [::1]:35234 Closing
[Sat Apr  4 13:48:58 2026] [::1]:35250 [200]: GET /assets/js/app.js
[Sat Apr  4 13:48:58 2026] [::1]:35250 Closing
[Sat Apr  4 13:49:05 2026] [::1]:44412 Accepted
[Sat Apr  4 13:49:05 2026] [::1]:44412 [200]: POST /api/auth.php?action=login
[Sat Apr  4 13:49:05 2026] [::1]:44412 Closing
[Sat Apr  4 13:49:05 2026] [::1]:44422 Accepted
[Sat Apr  4 13:49:05 2026] [::1]:44422 [200]: GET /api/users.php?action=list
[Sat Apr  4 13:49:05 2026] [::1]:44422 Closing
[Sat Apr  4 13:49:05 2026] [::1]:44426 Accepted
[Sat Apr  4 13:49:05 2026] [::1]:44426 [200]: GET /api/stats.php?action=summary
[Sat Apr  4 13:49:05 2026] [::1]:44426 Closing
[Sat Apr  4 13:49:06 2026] [::1]:44428 Accepted
[Sat Apr  4 13:49:06 2026] [::1]:44428 [200]: GET /api/documents.php?action=list
[Sat Apr  4 13:49:06 2026] [::1]:44428 Closing
[Sat Apr  4 13:49:08 2026] [::1]:44434 Accepted
[Sat Apr  4 13:49:08 2026] [::1]:44434 [200]: GET /api/messages.php?action=list
[Sat Apr  4 13:49:08 2026] [::1]:44434 Closing
[Sat Apr  4 14:05:58 2026] [::1]:54488 Accepted
[Sat Apr  4 14:05:58 2026] [::1]:54488 [200]: GET /
[Sat Apr  4 14:05:58 2026] [::1]:54488 Closing
[Sat Apr  4 14:05:58 2026] [::1]:54492 Accepted
[Sat Apr  4 14:05:58 2026] [::1]:54492 [200]: GET /assets/js/app.js
[Sat Apr  4 14:05:58 2026] [::1]:54492 Closing
[Sat Apr  4 14:05:58 2026] [::1]:54508 Accepted
[Sat Apr  4 14:05:58 2026] [::1]:54508 [200]: GET /api/auth.php?action=check
[Sat Apr  4 14:05:58 2026] [::1]:54508 Closing
[Sat Apr  4 14:05:58 2026] [::1]:54514 Accepted
[Sat Apr  4 14:05:58 2026] [::1]:54514 [200]: GET /sw.js
[Sat Apr  4 14:05:58 2026] [::1]:54514 Closing
[Sat Apr  4 14:05:58 2026] [::1]:54520 Accepted
[Sat Apr  4 14:05:58 2026] [::1]:54536 Accepted
[Sat Apr  4 14:05:58 2026] [::1]:54550 Accepted
[Sat Apr  4 14:05:58 2026] [::1]:54520 [200]: GET /
[Sat Apr  4 14:05:58 2026] [::1]:54520 Closing
[Sat Apr  4 14:05:58 2026] [::1]:54536 [200]: GET /index.php
[Sat Apr  4 14:05:58 2026] [::1]:54536 Closing
[Sat Apr  4 14:05:58 2026] [::1]:54550 [200]: GET /assets/js/app.js
[Sat Apr  4 14:05:58 2026] [::1]:54550 Closing
[Sat Apr  4 14:06:02 2026] [::1]:54558 Accepted
[Sat Apr  4 14:06:02 2026] [::1]:54558 [200]: POST /api/auth.php?action=login
[Sat Apr  4 14:06:02 2026] [::1]:54558 Closing
[Sat Apr  4 14:06:02 2026] [::1]:54572 Accepted
[Sat Apr  4 14:06:02 2026] [::1]:54572 [200]: POST /api/auth.php?action=login
[Sat Apr  4 14:06:02 2026] [::1]:54572 Closing
[Sat Apr  4 14:06:02 2026] [::1]:54578 Accepted
[Sat Apr  4 14:06:02 2026] [::1]:54578 [200]: GET /api/users.php?action=list
[Sat Apr  4 14:06:02 2026] [::1]:54578 Closing
[Sat Apr  4 14:06:02 2026] [::1]:54582 Accepted
[Sat Apr  4 14:06:02 2026] [::1]:54582 [200]: GET /api/stats.php?action=summary
[Sat Apr  4 14:06:02 2026] [::1]:54582 Closing
[Sat Apr  4 14:06:03 2026] [::1]:54584 Accepted
[Sat Apr  4 14:06:03 2026] [::1]:54584 [200]: GET /api/users.php?action=list
[Sat Apr  4 14:06:03 2026] [::1]:54584 Closing
[Sat Apr  4 14:06:03 2026] [::1]:54598 Accepted
[Sat Apr  4 14:06:03 2026] [::1]:54598 [200]: GET /api/documents.php?action=list
[Sat Apr  4 14:06:03 2026] [::1]:54598 Closing
[Sat Apr  4 14:06:03 2026] [::1]:33502 Accepted
[Sat Apr  4 14:06:03 2026] [::1]:33502 [200]: GET /api/messages.php?action=list
[Sat Apr  4 14:06:03 2026] [::1]:33502 Closing
[Sat Apr  4 14:07:35 2026] [::1]:47802 Accepted
[Sat Apr  4 14:07:35 2026] [::1]:47802 [403]: POST /api/external_sync.php?action=sync_users
[Sat Apr  4 14:07:35 2026] [::1]:47802 Closing
[Sat Apr  4 14:07:48 2026] [::1]:58488 Accepted
[Sat Apr  4 14:07:48 2026] [::1]:58488 [200]: POST /api/external_sync.php?action=sync_users
[Sat Apr  4 14:07:48 2026] [::1]:58488 Closing
[Sat Apr  4 15:19:39 2026] [::1]:50616 Accepted
[Sat Apr  4 15:19:39 2026] [::1]:50616 [200]: GET /
[Sat Apr  4 15:19:39 2026] [::1]:50616 Closing
[Sat Apr  4 15:19:40 2026] [::1]:50622 Accepted
[Sat Apr  4 15:19:40 2026] [::1]:50622 [200]: GET /assets/js/app.js
[Sat Apr  4 15:19:40 2026] [::1]:50622 Closing
[Sat Apr  4 15:19:40 2026] [::1]:50624 Accepted
[Sat Apr  4 15:19:40 2026] [::1]:50624 [200]: GET /api/auth.php?action=check
[Sat Apr  4 15:19:40 2026] [::1]:50624 Closing
[Sat Apr  4 15:19:40 2026] [::1]:50626 Accepted
[Sat Apr  4 15:19:40 2026] [::1]:50626 [200]: GET /sw.js
[Sat Apr  4 15:19:40 2026] [::1]:50626 Closing
[Sat Apr  4 15:19:40 2026] [::1]:50636 Accepted
[Sat Apr  4 15:19:40 2026] [::1]:50652 Accepted
[Sat Apr  4 15:19:40 2026] [::1]:50664 Accepted
[Sat Apr  4 15:19:40 2026] [::1]:50636 [200]: GET /
[Sat Apr  4 15:19:40 2026] [::1]:50636 Closing
[Sat Apr  4 15:19:40 2026] [::1]:50652 [200]: GET /index.php
[Sat Apr  4 15:19:40 2026] [::1]:50652 Closing
[Sat Apr  4 15:19:40 2026] [::1]:50664 [200]: GET /assets/js/app.js
[Sat Apr  4 15:19:40 2026] [::1]:50664 Closing
[Sat Apr  4 15:19:44 2026] [::1]:50672 Accepted
[Sat Apr  4 15:19:44 2026] [::1]:50672 [200]: POST /api/auth.php?action=login
[Sat Apr  4 15:19:44 2026] [::1]:50672 Closing
[Sat Apr  4 15:19:44 2026] [::1]:50676 Accepted
[Sat Apr  4 15:19:44 2026] [::1]:50676 [200]: GET /api/users.php?action=list
[Sat Apr  4 15:19:44 2026] [::1]:50676 Closing
[Sat Apr  4 15:19:44 2026] [::1]:50692 Accepted
[Sat Apr  4 15:19:44 2026] PHP Warning:  Undefined array key "role" in /app/api/stats.php on line 16
[Sat Apr  4 15:19:44 2026] PHP Warning:  Undefined array key "role" in /app/api/stats.php on line 18
[Sat Apr  4 15:19:44 2026] [::1]:50692 [200]: GET /api/stats.php?action=summary
[Sat Apr  4 15:19:44 2026] [::1]:50692 Closing
[Sat Apr  4 15:19:44 2026] [::1]:50702 Accepted
[Sat Apr  4 15:19:44 2026] [::1]:50702 [200]: GET /api/logs.php?action=list
[Sat Apr  4 15:19:44 2026] [::1]:50702 Closing
[Sat Apr  4 16:16:44 2026] [::1]:54042 Accepted
[Sat Apr  4 16:16:44 2026] [::1]:54042 [200]: GET /
[Sat Apr  4 16:16:44 2026] [::1]:54042 Closing
[Sat Apr  4 16:16:44 2026] [::1]:54054 Accepted
[Sat Apr  4 16:16:44 2026] [::1]:54054 [200]: GET /assets/js/app.js
[Sat Apr  4 16:16:44 2026] [::1]:54054 Closing
[Sat Apr  4 16:16:44 2026] [::1]:54058 Accepted
[Sat Apr  4 16:16:44 2026] [::1]:54058 [200]: GET /api/auth.php?action=check
[Sat Apr  4 16:16:44 2026] [::1]:54058 Closing
[Sat Apr  4 16:16:44 2026] [::1]:54060 Accepted
[Sat Apr  4 16:16:44 2026] [::1]:54060 [200]: GET /sw.js
[Sat Apr  4 16:16:44 2026] [::1]:54060 Closing
[Sat Apr  4 16:16:44 2026] [::1]:54068 Accepted
[Sat Apr  4 16:16:44 2026] [::1]:54080 Accepted
[Sat Apr  4 16:16:44 2026] [::1]:54088 Accepted
[Sat Apr  4 16:16:44 2026] [::1]:54068 [200]: GET /
[Sat Apr  4 16:16:44 2026] [::1]:54068 Closing
[Sat Apr  4 16:16:44 2026] [::1]:54080 [200]: GET /index.php
[Sat Apr  4 16:16:44 2026] [::1]:54080 Closing
[Sat Apr  4 16:16:44 2026] [::1]:54088 [200]: GET /assets/js/app.js
[Sat Apr  4 16:16:44 2026] [::1]:54088 Closing
[Sat Apr  4 16:16:48 2026] [::1]:35348 Accepted
[Sat Apr  4 16:16:48 2026] [::1]:35348 [200]: POST /api/auth.php?action=login
[Sat Apr  4 16:16:48 2026] [::1]:35348 Closing
[Sat Apr  4 16:16:48 2026] [::1]:35356 Accepted
[Sat Apr  4 16:16:48 2026] [::1]:35356 [200]: GET /api/users.php?action=list
[Sat Apr  4 16:16:48 2026] [::1]:35356 Closing
[Sat Apr  4 16:16:48 2026] [::1]:35360 Accepted
[Sat Apr  4 16:16:48 2026] PHP Warning:  Undefined array key "role" in /app/api/stats.php on line 17
[Sat Apr  4 16:16:48 2026] PHP Warning:  Undefined array key "role" in /app/api/stats.php on line 19
[Sat Apr  4 16:16:48 2026] [::1]:35360 [200]: GET /api/stats.php?action=summary
[Sat Apr  4 16:16:48 2026] [::1]:35360 Closing
[Sat Apr  4 16:16:48 2026] [::1]:35362 Accepted
[Sat Apr  4 16:16:48 2026] [::1]:35362 [200]: GET /api/documents.php?action=list
[Sat Apr  4 16:16:48 2026] [::1]:35362 Closing
[Sat Apr  4 16:16:48 2026] [::1]:35368 Accepted
[Sat Apr  4 16:16:48 2026] [::1]:35368 [200]: GET /api/documents.php?action=list
[Sat Apr  4 16:16:48 2026] [::1]:35368 Closing
[Sat Apr  4 16:16:48 2026] [::1]:35372 Accepted
[Sat Apr  4 16:16:48 2026] PHP Warning:  Undefined array key "role" in /app/api/stats.php on line 17
[Sat Apr  4 16:16:48 2026] PHP Warning:  Undefined array key "role" in /app/api/stats.php on line 19
[Sat Apr  4 16:16:48 2026] [::1]:35372 [200]: GET /api/stats.php?action=summary
[Sat Apr  4 16:16:48 2026] [::1]:35372 Closing
[Sat Apr  4 16:16:50 2026] [::1]:35376 Accepted
[Sat Apr  4 16:16:50 2026] [::1]:35376 [200]: GET /api/messages.php?action=list
[Sat Apr  4 16:16:50 2026] [::1]:35376 Closing
[Sat Apr  4 16:16:50 2026] [::1]:35380 Accepted
[Sat Apr  4 16:16:50 2026] [::1]:35380 [200]: GET /api/messages.php?action=list
[Sat Apr  4 16:16:50 2026] [::1]:35380 Closing
[Sat Apr  4 16:16:50 2026] [::1]:35390 Accepted
[Sat Apr  4 16:16:50 2026] PHP Warning:  Undefined array key "role" in /app/api/stats.php on line 17
[Sat Apr  4 16:16:50 2026] PHP Warning:  Undefined array key "role" in /app/api/stats.php on line 19
[Sat Apr  4 16:16:50 2026] [::1]:35390 [200]: GET /api/stats.php?action=summary
[Sat Apr  4 16:16:50 2026] [::1]:35390 Closing
[Sat Apr  4 16:19:30 2026] [::1]:60028 Accepted
[Sat Apr  4 16:19:30 2026] [::1]:60028 [200]: GET /
[Sat Apr  4 16:19:30 2026] [::1]:60028 Closing
[Sat Apr  4 16:19:30 2026] [::1]:60036 Accepted
[Sat Apr  4 16:19:30 2026] [::1]:60036 [200]: GET /assets/js/app.js
[Sat Apr  4 16:19:30 2026] [::1]:60036 Closing
[Sat Apr  4 16:19:30 2026] [::1]:60046 Accepted
[Sat Apr  4 16:19:30 2026] [::1]:60046 [200]: GET /api/auth.php?action=check
[Sat Apr  4 16:19:30 2026] [::1]:60046 Closing
[Sat Apr  4 16:19:30 2026] [::1]:60058 Accepted
[Sat Apr  4 16:19:30 2026] [::1]:60058 [200]: GET /sw.js
[Sat Apr  4 16:19:30 2026] [::1]:60058 Closing
[Sat Apr  4 16:19:30 2026] [::1]:60072 Accepted
[Sat Apr  4 16:19:30 2026] [::1]:60074 Accepted
[Sat Apr  4 16:19:30 2026] [::1]:60090 Accepted
[Sat Apr  4 16:19:30 2026] [::1]:60072 [200]: GET /
[Sat Apr  4 16:19:30 2026] [::1]:60072 Closing
[Sat Apr  4 16:19:30 2026] [::1]:60074 [200]: GET /index.php
[Sat Apr  4 16:19:30 2026] [::1]:60074 Closing
[Sat Apr  4 16:19:30 2026] [::1]:60090 [200]: GET /assets/js/app.js
[Sat Apr  4 16:19:30 2026] [::1]:60090 Closing
[Sat Apr  4 16:19:33 2026] [::1]:60092 Accepted
[Sat Apr  4 16:19:33 2026] [::1]:60092 [200]: POST /api/auth.php?action=login
[Sat Apr  4 16:19:33 2026] [::1]:60092 Closing
[Sat Apr  4 16:19:33 2026] [::1]:60096 Accepted
[Sat Apr  4 16:19:33 2026] [::1]:60096 [403]: GET /api/stats.php?action=summary
[Sat Apr  4 16:19:33 2026] [::1]:60096 Closing
[Sat Apr  4 16:19:34 2026] [::1]:60102 Accepted
[Sat Apr  4 16:19:34 2026] [::1]:60102 [200]: GET /api/messages.php?action=list
[Sat Apr  4 16:19:34 2026] [::1]:60102 Closing
[Sat Apr  4 16:19:34 2026] [::1]:60106 Accepted
[Sat Apr  4 16:19:34 2026] [::1]:60106 [200]: GET /api/messages.php?action=list
[Sat Apr  4 16:19:34 2026] [::1]:60106 Closing
[Sat Apr  4 16:19:34 2026] [::1]:60110 Accepted
[Sat Apr  4 16:19:34 2026] [::1]:60110 [403]: GET /api/stats.php?action=summary
[Sat Apr  4 16:19:34 2026] [::1]:60110 Closing
[Sat Apr  4 16:19:34 2026] [::1]:60118 Accepted
[Sat Apr  4 16:19:34 2026] [::1]:60118 [200]: POST /api/messages.php?action=send
[Sat Apr  4 16:19:34 2026] [::1]:60118 Closing
[Sat Apr  4 16:19:34 2026] [::1]:60128 Accepted
[Sat Apr  4 16:19:34 2026] [::1]:60128 [403]: GET /api/stats.php?action=summary
[Sat Apr  4 16:19:34 2026] [::1]:60128 Closing
[Sat Apr  4 16:19:35 2026] [::1]:33938 Accepted
[Sat Apr  4 16:19:35 2026] [::1]:33938 [200]: GET /
[Sat Apr  4 16:19:35 2026] [::1]:33938 Closing
[Sat Apr  4 16:19:35 2026] [::1]:33942 Accepted
[Sat Apr  4 16:19:35 2026] [::1]:33942 [200]: GET /assets/js/app.js
[Sat Apr  4 16:19:35 2026] [::1]:33942 Closing
[Sat Apr  4 16:19:35 2026] [::1]:33958 Accepted
[Sat Apr  4 16:19:35 2026] [::1]:33958 [200]: GET /api/auth.php?action=check
[Sat Apr  4 16:19:35 2026] [::1]:33958 Closing
[Sat Apr  4 16:19:35 2026] [::1]:33964 Accepted
[Sat Apr  4 16:19:35 2026] [::1]:33964 [200]: GET /sw.js
[Sat Apr  4 16:19:35 2026] [::1]:33964 Closing
[Sat Apr  4 16:19:35 2026] [::1]:33974 Accepted
[Sat Apr  4 16:19:35 2026] [::1]:33982 Accepted
[Sat Apr  4 16:19:35 2026] [::1]:33996 Accepted
[Sat Apr  4 16:19:35 2026] [::1]:33974 [200]: GET /
[Sat Apr  4 16:19:35 2026] [::1]:33974 Closing
[Sat Apr  4 16:19:35 2026] [::1]:33982 [200]: GET /index.php
[Sat Apr  4 16:19:35 2026] [::1]:33982 Closing
[Sat Apr  4 16:19:35 2026] [::1]:33996 [200]: GET /assets/js/app.js
[Sat Apr  4 16:19:35 2026] [::1]:33996 Closing
[Sat Apr  4 16:19:36 2026] [::1]:34002 Accepted
[Sat Apr  4 16:19:36 2026] [::1]:34002 [200]: POST /api/auth.php?action=login
[Sat Apr  4 16:19:36 2026] [::1]:34002 Closing
[Sat Apr  4 16:19:36 2026] [::1]:34008 Accepted
[Sat Apr  4 16:19:36 2026] [::1]:34008 [200]: GET /api/users.php?action=list
[Sat Apr  4 16:19:36 2026] [::1]:34008 Closing
[Sat Apr  4 16:19:36 2026] [::1]:34012 Accepted
[Sat Apr  4 16:19:36 2026] PHP Warning:  Undefined array key "role" in /app/api/stats.php on line 17
[Sat Apr  4 16:19:36 2026] PHP Warning:  Undefined array key "role" in /app/api/stats.php on line 19
[Sat Apr  4 16:19:36 2026] [::1]:34012 [200]: GET /api/stats.php?action=summary
[Sat Apr  4 16:19:36 2026] [::1]:34012 Closing
[Sat Apr  4 16:19:37 2026] [::1]:34026 Accepted
[Sat Apr  4 16:19:37 2026] PHP Warning:  Trying to access array offset on null in /app/api/messages.php on line 23
[Sat Apr  4 16:19:37 2026] [::1]:34026 [200]: GET /api/messages.php?action=list
[Sat Apr  4 16:19:37 2026] [::1]:34026 Closing
[Sat Apr  4 16:19:37 2026] [::1]:34032 Accepted
[Sat Apr  4 16:19:37 2026] PHP Warning:  Trying to access array offset on null in /app/api/messages.php on line 23
[Sat Apr  4 16:19:37 2026] [::1]:34032 [200]: GET /api/messages.php?action=list
[Sat Apr  4 16:19:37 2026] [::1]:34032 Closing
[Sat Apr  4 16:19:37 2026] [::1]:34046 Accepted
[Sat Apr  4 16:19:37 2026] [::1]:34046 [200]: GET /api/messages.php?action=mark_read&id=69d13a16adcf9
[Sat Apr  4 16:19:37 2026] [::1]:34046 Closing
[Sat Apr  4 16:19:37 2026] [::1]:34056 Accepted
[Sat Apr  4 16:19:37 2026] PHP Warning:  Undefined array key "role" in /app/api/stats.php on line 17
[Sat Apr  4 16:19:37 2026] PHP Warning:  Undefined array key "role" in /app/api/stats.php on line 19
[Sat Apr  4 16:19:37 2026] [::1]:34056 [200]: GET /api/stats.php?action=summary
[Sat Apr  4 16:19:37 2026] [::1]:34056 Closing
[Sat Apr  4 16:23:38 2026] [::1]:32994 Accepted
[Sat Apr  4 16:23:38 2026] [::1]:32994 [200]: GET /
[Sat Apr  4 16:23:38 2026] [::1]:32994 Closing
[Sat Apr  4 16:23:38 2026] [::1]:33002 Accepted
[Sat Apr  4 16:23:38 2026] [::1]:33002 [200]: GET /assets/js/app.js
[Sat Apr  4 16:23:38 2026] [::1]:33002 Closing
[Sat Apr  4 16:23:38 2026] [::1]:33006 Accepted
[Sat Apr  4 16:23:38 2026] [::1]:33006 [200]: GET /api/auth.php?action=check
[Sat Apr  4 16:23:38 2026] [::1]:33006 Closing
[Sat Apr  4 16:23:38 2026] [::1]:33008 Accepted
[Sat Apr  4 16:23:38 2026] [::1]:33008 [200]: GET /sw.js
[Sat Apr  4 16:23:38 2026] [::1]:33008 Closing
[Sat Apr  4 16:23:38 2026] [::1]:33018 Accepted
[Sat Apr  4 16:23:38 2026] [::1]:33028 Accepted
[Sat Apr  4 16:23:38 2026] [::1]:33018 [200]: GET /
[Sat Apr  4 16:23:38 2026] [::1]:33018 Closing
[Sat Apr  4 16:23:38 2026] [::1]:33040 Accepted
[Sat Apr  4 16:23:38 2026] [::1]:33028 [200]: GET /index.php
[Sat Apr  4 16:23:38 2026] [::1]:33028 Closing
[Sat Apr  4 16:23:38 2026] [::1]:33040 [200]: GET /assets/js/app.js
[Sat Apr  4 16:23:38 2026] [::1]:33040 Closing
[Sat Apr  4 16:23:42 2026] [::1]:33046 Accepted
[Sat Apr  4 16:23:42 2026] [::1]:33046 [200]: POST /api/auth.php?action=login
[Sat Apr  4 16:23:42 2026] [::1]:33046 Closing
[Sat Apr  4 16:23:42 2026] [::1]:33052 Accepted
[Sat Apr  4 16:23:42 2026] [::1]:33052 [200]: GET /api/users.php?action=list
[Sat Apr  4 16:23:42 2026] [::1]:33052 Closing
[Sat Apr  4 16:23:42 2026] [::1]:33062 Accepted
[Sat Apr  4 16:23:42 2026] [::1]:33062 [200]: GET /api/stats.php?action=summary
[Sat Apr  4 16:23:42 2026] [::1]:33062 Closing
[Sat Apr  4 16:23:42 2026] [::1]:33078 Accepted
[Sat Apr  4 16:23:42 2026] [::1]:33078 [200]: GET /api/logs.php?action=list
[Sat Apr  4 16:23:42 2026] [::1]:33078 Closing
[Sat Apr  4 16:53:09 2026] [::1]:46458 Accepted
[Sat Apr  4 16:53:09 2026] [::1]:46458 [200]: GET /
[Sat Apr  4 16:53:09 2026] [::1]:46458 Closing
[Sat Apr  4 16:53:09 2026] [::1]:46460 Accepted
[Sat Apr  4 16:53:09 2026] [::1]:46460 [200]: GET /assets/js/app.js
[Sat Apr  4 16:53:09 2026] [::1]:46460 Closing
[Sat Apr  4 16:53:09 2026] [::1]:46468 Accepted
[Sat Apr  4 16:53:09 2026] [::1]:46468 [200]: GET /api/auth.php?action=check
[Sat Apr  4 16:53:09 2026] [::1]:46468 Closing
[Sat Apr  4 16:53:09 2026] [::1]:46478 Accepted
[Sat Apr  4 16:53:09 2026] [::1]:46478 [200]: GET /sw.js
[Sat Apr  4 16:53:09 2026] [::1]:46478 Closing
[Sat Apr  4 16:53:10 2026] [::1]:46494 Accepted
[Sat Apr  4 16:53:10 2026] [::1]:46506 Accepted
[Sat Apr  4 16:53:10 2026] [::1]:46520 Accepted
[Sat Apr  4 16:53:10 2026] [::1]:46494 [200]: GET /
[Sat Apr  4 16:53:10 2026] [::1]:46494 Closing
[Sat Apr  4 16:53:10 2026] [::1]:46506 [200]: GET /index.php
[Sat Apr  4 16:53:10 2026] [::1]:46506 Closing
[Sat Apr  4 16:53:10 2026] [::1]:46520 [200]: GET /assets/js/app.js
[Sat Apr  4 16:53:10 2026] [::1]:46520 Closing
[Sat Apr  4 16:53:12 2026] [::1]:48330 Accepted
[Sat Apr  4 16:53:12 2026] [::1]:48330 [200]: POST /api/auth.php?action=login
[Sat Apr  4 16:53:12 2026] [::1]:48330 Closing
[Sat Apr  4 16:53:12 2026] [::1]:48332 Accepted
[Sat Apr  4 16:53:12 2026] [::1]:48332 [200]: GET /api/users.php?action=list
[Sat Apr  4 16:53:12 2026] [::1]:48332 Closing
[Sat Apr  4 16:53:12 2026] [::1]:48348 Accepted
[Sat Apr  4 16:53:12 2026] [::1]:48348 [200]: GET /api/stats.php?action=summary
[Sat Apr  4 16:53:12 2026] [::1]:48348 Closing
[Sat Apr  4 16:53:12 2026] [::1]:48364 Accepted
[Sat Apr  4 16:53:12 2026] [::1]:48364 [200]: GET /api/messages.php?action=list
[Sat Apr  4 16:53:12 2026] [::1]:48364 Closing
[Sat Apr  4 16:53:12 2026] [::1]:48380 Accepted
[Sat Apr  4 16:53:12 2026] [::1]:48380 [200]: GET /api/messages.php?action=list
[Sat Apr  4 16:53:12 2026] [::1]:48380 Closing
[Sat Apr  4 16:53:12 2026] [::1]:48396 Accepted
[Sat Apr  4 16:53:12 2026] [::1]:48396 [200]: GET /api/stats.php?action=summary
[Sat Apr  4 16:53:12 2026] [::1]:48396 Closing
[Sat Apr  4 16:53:13 2026] [::1]:48400 Accepted
[Sat Apr  4 16:53:13 2026] [::1]:48400 [200]: POST /api/messages.php?action=send
[Sat Apr  4 16:53:13 2026] [::1]:48400 Closing
[Sat Apr  4 16:53:13 2026] [::1]:48414 Accepted
[Sat Apr  4 16:53:13 2026] [::1]:48414 [200]: GET /api/stats.php?action=summary
[Sat Apr  4 16:53:13 2026] [::1]:48414 Closing
[Sat Apr  4 16:53:13 2026] [::1]:48418 Accepted
[Sat Apr  4 16:53:13 2026] [::1]:48418 [200]: GET /api/messages.php?action=list
[Sat Apr  4 16:53:13 2026] [::1]:48418 Closing
[Sat Apr  4 16:53:13 2026] [::1]:48422 Accepted
[Sat Apr  4 16:53:13 2026] [::1]:48422 [200]: GET /api/messages.php?action=list
[Sat Apr  4 16:53:13 2026] [::1]:48422 Closing
[Sat Apr  4 16:53:13 2026] [::1]:48438 Accepted
[Sat Apr  4 16:53:13 2026] [::1]:48438 [200]: GET /api/messages.php?action=mark_read&id=69d141f94e754
[Sat Apr  4 16:53:13 2026] [::1]:48438 Closing
[Sat Apr  4 16:53:13 2026] [::1]:48454 Accepted
[Sat Apr  4 16:53:13 2026] [::1]:48454 [200]: GET /api/stats.php?action=summary
[Sat Apr  4 16:53:13 2026] [::1]:48454 Closing
[Sat Apr  4 16:53:14 2026] [::1]:48458 Accepted
[Sat Apr  4 16:53:14 2026] [::1]:48458 [200]: GET /
[Sat Apr  4 16:53:14 2026] [::1]:48458 Closing
[Sat Apr  4 16:53:14 2026] [::1]:48462 Accepted
[Sat Apr  4 16:53:14 2026] [::1]:48462 [200]: GET /assets/js/app.js
[Sat Apr  4 16:53:14 2026] [::1]:48462 Closing
[Sat Apr  4 16:53:14 2026] [::1]:48476 Accepted
[Sat Apr  4 16:53:14 2026] [::1]:48476 [200]: GET /api/auth.php?action=check
[Sat Apr  4 16:53:14 2026] [::1]:48476 Closing
[Sat Apr  4 16:53:14 2026] [::1]:48488 Accepted
[Sat Apr  4 16:53:14 2026] [::1]:48488 [200]: GET /sw.js
[Sat Apr  4 16:53:14 2026] [::1]:48488 Closing
[Sat Apr  4 16:53:14 2026] [::1]:48490 Accepted
[Sat Apr  4 16:53:14 2026] [::1]:48506 Accepted
[Sat Apr  4 16:53:14 2026] [::1]:48510 Accepted
[Sat Apr  4 16:53:14 2026] [::1]:48490 [200]: GET /
[Sat Apr  4 16:53:14 2026] [::1]:48490 Closing
[Sat Apr  4 16:53:14 2026] [::1]:48506 [200]: GET /index.php
[Sat Apr  4 16:53:14 2026] [::1]:48506 Closing
[Sat Apr  4 16:53:14 2026] [::1]:48510 [200]: GET /assets/js/app.js
[Sat Apr  4 16:53:14 2026] [::1]:48510 Closing
[Sat Apr  4 16:53:15 2026] [::1]:48514 Accepted
[Sat Apr  4 16:53:15 2026] [::1]:48514 [200]: POST /api/auth.php?action=login
[Sat Apr  4 16:53:15 2026] [::1]:48514 Closing
[Sat Apr  4 16:53:15 2026] [::1]:48530 Accepted
[Sat Apr  4 16:53:15 2026] [::1]:48530 [403]: GET /api/stats.php?action=summary
[Sat Apr  4 16:53:15 2026] [::1]:48530 Closing
[Sat Apr  4 16:53:22 2026] [::1]:52794 Accepted
[Sat Apr  4 16:53:22 2026] [::1]:52794 [200]: GET /api/stats.php?action=summary
[Sat Apr  4 16:53:22 2026] [::1]:52794 Closing
[Sat Apr  4 16:53:32 2026] [::1]:60886 Accepted
[Sat Apr  4 16:53:32 2026] [::1]:60886 [200]: GET /api/stats.php?action=summary
[Sat Apr  4 16:53:32 2026] [::1]:60886 Closing
[Sat Apr  4 16:53:42 2026] [::1]:35792 Accepted
[Sat Apr  4 16:53:42 2026] [::1]:35792 [200]: GET /api/stats.php?action=summary
[Sat Apr  4 16:53:42 2026] [::1]:35792 Closing
[Sat Apr  4 16:55:07 2026] [::1]:51266 Accepted
[Sat Apr  4 16:55:07 2026] [::1]:51266 [200]: GET /
[Sat Apr  4 16:55:07 2026] [::1]:51266 Closing
[Sat Apr  4 16:55:07 2026] [::1]:51282 Accepted
[Sat Apr  4 16:55:07 2026] [::1]:51282 [200]: GET /assets/js/app.js
[Sat Apr  4 16:55:07 2026] [::1]:51282 Closing
[Sat Apr  4 16:55:07 2026] [::1]:51288 Accepted
[Sat Apr  4 16:55:07 2026] [::1]:51288 [200]: GET /api/auth.php?action=check
[Sat Apr  4 16:55:07 2026] [::1]:51288 Closing
[Sat Apr  4 16:55:07 2026] [::1]:51294 Accepted
[Sat Apr  4 16:55:07 2026] [::1]:51294 [200]: GET /sw.js
[Sat Apr  4 16:55:07 2026] [::1]:51294 Closing
[Sat Apr  4 16:55:07 2026] [::1]:51300 Accepted
[Sat Apr  4 16:55:07 2026] [::1]:51316 Accepted
[Sat Apr  4 16:55:07 2026] [::1]:51328 Accepted
[Sat Apr  4 16:55:07 2026] [::1]:51300 [200]: GET /
[Sat Apr  4 16:55:07 2026] [::1]:51300 Closing
[Sat Apr  4 16:55:07 2026] [::1]:51316 [200]: GET /index.php
[Sat Apr  4 16:55:07 2026] [::1]:51316 Closing
[Sat Apr  4 16:55:07 2026] [::1]:51328 [200]: GET /assets/js/app.js
[Sat Apr  4 16:55:07 2026] [::1]:51328 Closing
[Sat Apr  4 16:55:10 2026] [::1]:51336 Accepted
[Sat Apr  4 16:55:10 2026] [::1]:51336 [200]: POST /api/auth.php?action=login
[Sat Apr  4 16:55:10 2026] [::1]:51336 Closing
[Sat Apr  4 16:55:10 2026] [::1]:51350 Accepted
[Sat Apr  4 16:55:10 2026] [::1]:51350 [200]: GET /api/users.php?action=list
[Sat Apr  4 16:55:10 2026] [::1]:51350 Closing
[Sat Apr  4 16:55:10 2026] [::1]:51354 Accepted
[Sat Apr  4 16:55:10 2026] [::1]:51354 [200]: GET /api/stats.php?action=summary
[Sat Apr  4 16:55:10 2026] [::1]:51354 Closing
[Sat Apr  4 16:55:10 2026] [::1]:51356 Accepted
[Sat Apr  4 16:55:10 2026] [::1]:51356 [200]: GET /api/messages.php?action=list
[Sat Apr  4 16:55:10 2026] [::1]:51356 Closing
[Sat Apr  4 16:55:10 2026] [::1]:51366 Accepted
[Sat Apr  4 16:55:10 2026] [::1]:51366 [200]: GET /api/messages.php?action=list
[Sat Apr  4 16:55:10 2026] [::1]:51366 Closing
[Sat Apr  4 16:55:10 2026] [::1]:51374 Accepted
[Sat Apr  4 16:55:10 2026] [::1]:51374 [200]: GET /api/stats.php?action=summary
[Sat Apr  4 16:55:10 2026] [::1]:51374 Closing
[Sat Apr  4 16:55:11 2026] [::1]:43762 Accepted
[Sat Apr  4 16:55:11 2026] [::1]:43762 [200]: POST /api/messages.php?action=send
[Sat Apr  4 16:55:11 2026] [::1]:43762 Closing
[Sat Apr  4 16:55:11 2026] [::1]:43774 Accepted
[Sat Apr  4 16:55:11 2026] [::1]:43774 [200]: GET /api/stats.php?action=summary
[Sat Apr  4 16:55:11 2026] [::1]:43774 Closing
[Sat Apr  4 16:55:11 2026] [::1]:43790 Accepted
[Sat Apr  4 16:55:11 2026] [::1]:43790 [200]: GET /api/messages.php?action=list
[Sat Apr  4 16:55:11 2026] [::1]:43790 Closing
[Sat Apr  4 16:55:11 2026] [::1]:43792 Accepted
[Sat Apr  4 16:55:11 2026] [::1]:43792 [200]: GET /api/messages.php?action=list
[Sat Apr  4 16:55:11 2026] [::1]:43792 Closing
[Sat Apr  4 16:55:11 2026] [::1]:43802 Accepted
[Sat Apr  4 16:55:11 2026] [::1]:43802 [200]: GET /api/messages.php?action=mark_read&id=69d1426f9c640
[Sat Apr  4 16:55:11 2026] [::1]:43802 Closing
[Sat Apr  4 16:55:11 2026] [::1]:43818 Accepted
[Sat Apr  4 16:55:11 2026] [::1]:43818 [200]: GET /api/stats.php?action=summary
[Sat Apr  4 16:55:11 2026] [::1]:43818 Closing
[Sat Apr  4 16:55:12 2026] [::1]:43824 Accepted
[Sat Apr  4 16:55:12 2026] [::1]:43824 [200]: GET /api/users.php?action=list
[Sat Apr  4 16:55:12 2026] [::1]:43824 Closing
[Sat Apr  4 16:55:13 2026] [::1]:43840 Accepted
[Sat Apr  4 16:55:13 2026] [::1]:43840 [200]: POST /api/users.php?action=create
[Sat Apr  4 16:55:13 2026] [::1]:43840 Closing
[Sat Apr  4 16:55:13 2026] [::1]:43844 Accepted
[Sat Apr  4 16:55:13 2026] [::1]:43844 [200]: GET /api/users.php?action=list
[Sat Apr  4 16:55:13 2026] [::1]:43844 Closing
[Sat Apr  4 16:55:13 2026] [::1]:43846 Accepted
[Sat Apr  4 16:55:13 2026] [::1]:43846 [200]: GET /api/stats.php?action=summary
[Sat Apr  4 16:55:13 2026] [::1]:43846 Closing
[Sat Apr  4 16:55:13 2026] [::1]:43856 Accepted
[Sat Apr  4 16:55:13 2026] [::1]:43856 [200]: GET /api/users.php?action=list
[Sat Apr  4 16:55:13 2026] [::1]:43856 Closing
[Sat Apr  4 16:55:14 2026] [::1]:43872 Accepted
[Sat Apr  4 16:55:14 2026] [::1]:43872 [200]: GET /
[Sat Apr  4 16:55:14 2026] [::1]:43872 Closing
[Sat Apr  4 16:55:14 2026] [::1]:43876 Accepted
[Sat Apr  4 16:55:14 2026] [::1]:43876 [200]: GET /assets/js/app.js
[Sat Apr  4 16:55:14 2026] [::1]:43876 Closing
[Sat Apr  4 16:55:14 2026] [::1]:43892 Accepted
[Sat Apr  4 16:55:14 2026] [::1]:43892 [200]: GET /api/auth.php?action=check
[Sat Apr  4 16:55:14 2026] [::1]:43892 Closing
[Sat Apr  4 16:55:14 2026] [::1]:43896 Accepted
[Sat Apr  4 16:55:14 2026] [::1]:43896 [200]: GET /sw.js
[Sat Apr  4 16:55:14 2026] [::1]:43896 Closing
[Sat Apr  4 16:55:14 2026] [::1]:43898 Accepted
[Sat Apr  4 16:55:14 2026] [::1]:43910 Accepted
[Sat Apr  4 16:55:14 2026] [::1]:43898 [200]: GET /
[Sat Apr  4 16:55:14 2026] [::1]:43898 Closing
[Sat Apr  4 16:55:14 2026] [::1]:43920 Accepted
[Sat Apr  4 16:55:14 2026] [::1]:43910 [200]: GET /index.php
[Sat Apr  4 16:55:14 2026] [::1]:43910 Closing
[Sat Apr  4 16:55:14 2026] [::1]:43920 [200]: GET /assets/js/app.js
[Sat Apr  4 16:55:14 2026] [::1]:43920 Closing
[Sat Apr  4 16:55:15 2026] [::1]:43932 Accepted
[Sat Apr  4 16:55:15 2026] [::1]:43932 [200]: POST /api/auth.php?action=login
[Sat Apr  4 16:55:15 2026] [::1]:43932 Closing
[Sat Apr  4 16:55:15 2026] [::1]:43948 Accepted
[Sat Apr  4 16:55:15 2026] [::1]:43948 [403]: GET /api/stats.php?action=summary
[Sat Apr  4 16:55:15 2026] [::1]:43948 Closing
[Sat Apr  4 16:55:15 2026] [::1]:43960 Accepted
[Sat Apr  4 16:55:16 2026] [::1]:43960 [200]: GET /api/messages.php?action=list
[Sat Apr  4 16:55:16 2026] [::1]:43960 Closing
[Sat Apr  4 16:55:16 2026] [::1]:43970 Accepted
[Sat Apr  4 16:55:16 2026] [::1]:43970 [200]: GET /api/messages.php?action=list
[Sat Apr  4 16:55:16 2026] [::1]:43970 Closing
[Sat Apr  4 16:55:16 2026] [::1]:43982 Accepted
[Sat Apr  4 16:55:16 2026] [::1]:43982 [403]: GET /api/stats.php?action=summary
[Sat Apr  4 16:55:16 2026] [::1]:43982 Closing
