[
    {
        "timestamp": "2026-03-26 13:05:54",
        "form_id": "form_gojny7gzs",
        "form_name": "Тестовая форма",
        "recipient": "test@example.com",
        "subject": "Заявка с сайта",
        "data": {
            "Имя": "Иван Тестов",
            "Телефон": "+79001112233",
            "Дата заезда": "2026-05-20"
        }
    },
    {
        "timestamp": "2026-03-26 13:12:40",
        "form_id": "form_gojny7gzs",
        "form_name": "Тестовая форма",
        "recipient": "test@example.com",
        "subject": "Заявка с сайта",
        "data": {
            "Имя": "Иван Тестов",
            "Телефон": "+79001112233",
            "Дата заезда": "2026-05-20"
        }
    },
    {
        "timestamp": "2026-03-26 17:26:09",
        "form_id": "form_gojny7gzs",
        "form_name": "Тестовая форма",
        "recipient": "test@example.com",
        "subject": "Заявка с сайта",
        "data": {
            "Имя": "Иван Тестов",
            "Телефон": "+79001112233",
            "Дата заезда": "2026-05-20"
        }
    },
    {
        "timestamp": "2026-03-26 17:26:46",
        "form_id": "form_gojny7gzs",
        "form_name": "Тестовая форма",
        "recipient": "test@example.com",
        "subject": "Заявка с сайта",
        "data": {
            "Имя": "Иван Тестов",
            "Телефон": "+79001112233",
            "Дата заезда": "2026-05-20"
        }
    }
]